I'm sorry, but errors were detected in your script. Please correct the
errors listed below, and try again.


File "game/ch2.rpy", line 263: expected statement.
    ? "Eeej, co tam robisz?"
    ^

File "game/ch2.rpy", line 266: expected statement.
    ? "A nie,  pozwól,  że się przyjrzę~"
    ^

File "game/ch2.rpy", line 270: expected statement.
    ? "Typie~ hehe"
    ^

Ren'Py Version: Ren'Py 6.99.12.4.2187
